Archive member included to satisfy reference by file (symbol)

f:/download/avr-gcc-7.3.0-x64-mingw/bin/../lib/gcc/avr/7.3.0/avr6\libgcc.a(_exit.o)
                              f:/download/avr-gcc-7.3.0-x64-mingw/bin/../lib/gcc/avr/7.3.0/../../../../avr/lib/avr6/crtatmega2560.o (exit)
f:/download/avr-gcc-7.3.0-x64-mingw/bin/../lib/gcc/avr/7.3.0/avr6\libgcc.a(_copy_data.o)
                              4.o (__do_copy_data)
f:/download/avr-gcc-7.3.0-x64-mingw/bin/../lib/gcc/avr/7.3.0/avr6\libgcc.a(_clear_bss.o)
                              4.o (__do_clear_bss)

Allocating common symbols
Common symbol       size              file

tot_overflow        0x1               4.o

Memory Configuration

Name             Origin             Length             Attributes
text             0x0000000000000000 0x0000000000100000 xr
data             0x0000000000800200 0x000000000000fe00 rw !x
eeprom           0x0000000000810000 0x0000000000010000 rw !x
fuse             0x0000000000820000 0x0000000000000400 rw !x
lock             0x0000000000830000 0x0000000000000400 rw !x
signature        0x0000000000840000 0x0000000000000400 rw !x
user_signatures  0x0000000000850000 0x0000000000000400 rw !x
*default*        0x0000000000000000 0xffffffffffffffff

Linker script and memory map

Address of section .data set to 0x800200
LOAD f:/download/avr-gcc-7.3.0-x64-mingw/bin/../lib/gcc/avr/7.3.0/../../../../avr/lib/avr6/crtatmega2560.o
LOAD 4.o
START GROUP
LOAD f:/download/avr-gcc-7.3.0-x64-mingw/bin/../lib/gcc/avr/7.3.0/avr6\libgcc.a
LOAD f:/download/avr-gcc-7.3.0-x64-mingw/bin/../lib/gcc/avr/7.3.0/../../../../avr/lib/avr6\libm.a
LOAD f:/download/avr-gcc-7.3.0-x64-mingw/bin/../lib/gcc/avr/7.3.0/../../../../avr/lib/avr6\libc.a
LOAD f:/download/avr-gcc-7.3.0-x64-mingw/bin/../lib/gcc/avr/7.3.0/../../../../avr/lib/avr6\libatmega2560.a
END GROUP
                0x0000000000100000                __TEXT_REGION_LENGTH__ = DEFINED (__TEXT_REGION_LENGTH__)?__TEXT_REGION_LENGTH__:0x100000
                0x000000000000fe00                __DATA_REGION_LENGTH__ = DEFINED (__DATA_REGION_LENGTH__)?__DATA_REGION_LENGTH__:0xfe00
                0x0000000000010000                __EEPROM_REGION_LENGTH__ = DEFINED (__EEPROM_REGION_LENGTH__)?__EEPROM_REGION_LENGTH__:0x10000
                0x0000000000000400                __FUSE_REGION_LENGTH__ = DEFINED (__FUSE_REGION_LENGTH__)?__FUSE_REGION_LENGTH__:0x400
                0x0000000000000400                __LOCK_REGION_LENGTH__ = DEFINED (__LOCK_REGION_LENGTH__)?__LOCK_REGION_LENGTH__:0x400
                0x0000000000000400                __SIGNATURE_REGION_LENGTH__ = DEFINED (__SIGNATURE_REGION_LENGTH__)?__SIGNATURE_REGION_LENGTH__:0x400
                0x0000000000000400                __USER_SIGNATURE_REGION_LENGTH__ = DEFINED (__USER_SIGNATURE_REGION_LENGTH__)?__USER_SIGNATURE_REGION_LENGTH__:0x400

.hash
 *(.hash)

.dynsym
 *(.dynsym)

.dynstr
 *(.dynstr)

.gnu.version
 *(.gnu.version)

.gnu.version_d
 *(.gnu.version_d)

.gnu.version_r
 *(.gnu.version_r)

.rel.init
 *(.rel.init)

.rela.init
 *(.rela.init)

.rel.text
 *(.rel.text)
 *(.rel.text.*)
 *(.rel.gnu.linkonce.t*)

.rela.text
 *(.rela.text)
 *(.rela.text.*)
 *(.rela.gnu.linkonce.t*)

.rel.fini
 *(.rel.fini)

.rela.fini
 *(.rela.fini)

.rel.rodata
 *(.rel.rodata)
 *(.rel.rodata.*)
 *(.rel.gnu.linkonce.r*)

.rela.rodata
 *(.rela.rodata)
 *(.rela.rodata.*)
 *(.rela.gnu.linkonce.r*)

.rel.data
 *(.rel.data)
 *(.rel.data.*)
 *(.rel.gnu.linkonce.d*)

.rela.data
 *(.rela.data)
 *(.rela.data.*)
 *(.rela.gnu.linkonce.d*)

.rel.ctors
 *(.rel.ctors)

.rela.ctors
 *(.rela.ctors)

.rel.dtors
 *(.rel.dtors)

.rela.dtors
 *(.rela.dtors)

.rel.got
 *(.rel.got)

.rela.got
 *(.rela.got)

.rel.bss
 *(.rel.bss)

.rela.bss
 *(.rela.bss)

.rel.plt
 *(.rel.plt)

.rela.plt
 *(.rela.plt)

.text           0x0000000000000000      0xca2
 *(.vectors)
 .vectors       0x0000000000000000       0xe4 f:/download/avr-gcc-7.3.0-x64-mingw/bin/../lib/gcc/avr/7.3.0/../../../../avr/lib/avr6/crtatmega2560.o
                0x0000000000000000                __vector_default
                0x0000000000000000                __vectors
 *(.vectors)
 *(.progmem.gcc*)
                0x00000000000000e4                . = ALIGN (0x2)
                0x00000000000000e4                __trampolines_start = .
 *(.trampolines)
 .trampolines   0x00000000000000e4        0x0 linker stubs
 *(.trampolines*)
                0x00000000000000e4                __trampolines_end = .
 *libprintf_flt.a:*(.progmem.data)
 *libc.a:*(.progmem.data)
 *(.progmem.*)
                0x00000000000000e4                . = ALIGN (0x2)
 *(.lowtext)
 *(.lowtext*)
                0x00000000000000e4                __ctors_start = .
 *(.ctors)
                0x00000000000000e4                __ctors_end = .
                0x00000000000000e4                __dtors_start = .
 *(.dtors)
                0x00000000000000e4                __dtors_end = .
 SORT_BY_NAME(*)(.ctors)
 SORT_BY_NAME(*)(.dtors)
 *(.init0)
 .init0         0x00000000000000e4        0x0 f:/download/avr-gcc-7.3.0-x64-mingw/bin/../lib/gcc/avr/7.3.0/../../../../avr/lib/avr6/crtatmega2560.o
                0x00000000000000e4                __init
 *(.init0)
 *(.init1)
 *(.init1)
 *(.init2)
 .init2         0x00000000000000e4       0x10 f:/download/avr-gcc-7.3.0-x64-mingw/bin/../lib/gcc/avr/7.3.0/../../../../avr/lib/avr6/crtatmega2560.o
 *(.init2)
 *(.init3)
 *(.init3)
 *(.init4)
 .init4         0x00000000000000f4       0x1a f:/download/avr-gcc-7.3.0-x64-mingw/bin/../lib/gcc/avr/7.3.0/avr6\libgcc.a(_copy_data.o)
                0x00000000000000f4                __do_copy_data
 .init4         0x000000000000010e       0x10 f:/download/avr-gcc-7.3.0-x64-mingw/bin/../lib/gcc/avr/7.3.0/avr6\libgcc.a(_clear_bss.o)
                0x000000000000010e                __do_clear_bss
 *(.init4)
 *(.init5)
 *(.init5)
 *(.init6)
 *(.init6)
 *(.init7)
 *(.init7)
 *(.init8)
 *(.init8)
 *(.init9)
 .init9         0x000000000000011e        0x8 f:/download/avr-gcc-7.3.0-x64-mingw/bin/../lib/gcc/avr/7.3.0/../../../../avr/lib/avr6/crtatmega2560.o
 *(.init9)
 *(.text)
 .text          0x0000000000000126        0x4 f:/download/avr-gcc-7.3.0-x64-mingw/bin/../lib/gcc/avr/7.3.0/../../../../avr/lib/avr6/crtatmega2560.o
                0x0000000000000126                __vector_38
                0x0000000000000126                __vector_22
                0x0000000000000126                __vector_28
                0x0000000000000126                __vector_1
                0x0000000000000126                __vector_32
                0x0000000000000126                __vector_34
                0x0000000000000126                __vector_24
                0x0000000000000126                __vector_12
                0x0000000000000126                __vector_55
                0x0000000000000126                __vector_46
                0x0000000000000126                __bad_interrupt
                0x0000000000000126                __vector_6
                0x0000000000000126                __vector_31
                0x0000000000000126                __vector_35
                0x0000000000000126                __vector_39
                0x0000000000000126                __vector_3
                0x0000000000000126                __vector_23
                0x0000000000000126                __vector_30
                0x0000000000000126                __vector_45
                0x0000000000000126                __vector_25
                0x0000000000000126                __vector_11
                0x0000000000000126                __vector_54
                0x0000000000000126                __vector_13
                0x0000000000000126                __vector_17
                0x0000000000000126                __vector_19
                0x0000000000000126                __vector_56
                0x0000000000000126                __vector_7
                0x0000000000000126                __vector_49
                0x0000000000000126                __vector_41
                0x0000000000000126                __vector_43
                0x0000000000000126                __vector_27
                0x0000000000000126                __vector_5
                0x0000000000000126                __vector_33
                0x0000000000000126                __vector_47
                0x0000000000000126                __vector_52
                0x0000000000000126                __vector_37
                0x0000000000000126                __vector_4
                0x0000000000000126                __vector_44
                0x0000000000000126                __vector_51
                0x0000000000000126                __vector_9
                0x0000000000000126                __vector_2
                0x0000000000000126                __vector_15
                0x0000000000000126                __vector_36
                0x0000000000000126                __vector_29
                0x0000000000000126                __vector_40
                0x0000000000000126                __vector_8
                0x0000000000000126                __vector_26
                0x0000000000000126                __vector_48
                0x0000000000000126                __vector_14
                0x0000000000000126                __vector_53
                0x0000000000000126                __vector_10
                0x0000000000000126                __vector_50
                0x0000000000000126                __vector_16
                0x0000000000000126                __vector_18
                0x0000000000000126                __vector_20
                0x0000000000000126                __vector_42
 .text          0x000000000000012a      0x764 4.o
                0x000000000000012a                port_ini
                0x0000000000000136                sendCommand
                0x000000000000013c                sendChar
                0x0000000000000150                setpos
                0x000000000000015e                LCD_BF
                0x0000000000000174                LCD_WriteLetter
                0x0000000000000190                LCD_WriteCommand
                0x00000000000001ac                LCD_GoToYX
                0x00000000000001be                lcd_ini
                0x0000000000000242                display_ini
                0x000000000000027a                timer_ini
                0x0000000000000296                display_s1
                0x00000000000002b0                display_s2
                0x00000000000002ca                display_m1
                0x00000000000002e4                display_m2
                0x00000000000002fe                display_h1
                0x0000000000000318                display_h2
                0x0000000000000332                __vector_21
                0x000000000000049e                saveToTheMemory
                0x00000000000004f8                ini_used_1
                0x000000000000050c                ini_used_2
                0x0000000000000520                write_number
                0x0000000000000700                display_search_none
                0x0000000000000748                display_alarm_mem
                0x00000000000007a2                display_alarm
                0x00000000000007fc                buz_long
                0x0000000000000816                buz_short
                0x000000000000085a                buz_very_short
                0x0000000000000874                buz_minute
 .text          0x000000000000088e        0x0 f:/download/avr-gcc-7.3.0-x64-mingw/bin/../lib/gcc/avr/7.3.0/avr6\libgcc.a(_exit.o)
 .text          0x000000000000088e        0x0 f:/download/avr-gcc-7.3.0-x64-mingw/bin/../lib/gcc/avr/7.3.0/avr6\libgcc.a(_copy_data.o)
 .text          0x000000000000088e        0x0 f:/download/avr-gcc-7.3.0-x64-mingw/bin/../lib/gcc/avr/7.3.0/avr6\libgcc.a(_clear_bss.o)
                0x000000000000088e                . = ALIGN (0x2)
 *(.text.*)
 .text.startup  0x000000000000088e      0x410 4.o
                0x000000000000088e                main
 .text.libgcc.mul
                0x0000000000000c9e        0x0 f:/download/avr-gcc-7.3.0-x64-mingw/bin/../lib/gcc/avr/7.3.0/avr6\libgcc.a(_exit.o)
 .text.libgcc.div
                0x0000000000000c9e        0x0 f:/download/avr-gcc-7.3.0-x64-mingw/bin/../lib/gcc/avr/7.3.0/avr6\libgcc.a(_exit.o)
 .text.libgcc   0x0000000000000c9e        0x0 f:/download/avr-gcc-7.3.0-x64-mingw/bin/../lib/gcc/avr/7.3.0/avr6\libgcc.a(_exit.o)
 .text.libgcc.prologue
                0x0000000000000c9e        0x0 f:/download/avr-gcc-7.3.0-x64-mingw/bin/../lib/gcc/avr/7.3.0/avr6\libgcc.a(_exit.o)
 .text.libgcc.builtins
                0x0000000000000c9e        0x0 f:/download/avr-gcc-7.3.0-x64-mingw/bin/../lib/gcc/avr/7.3.0/avr6\libgcc.a(_exit.o)
 .text.libgcc.fmul
                0x0000000000000c9e        0x0 f:/download/avr-gcc-7.3.0-x64-mingw/bin/../lib/gcc/avr/7.3.0/avr6\libgcc.a(_exit.o)
 .text.libgcc.fixed
                0x0000000000000c9e        0x0 f:/download/avr-gcc-7.3.0-x64-mingw/bin/../lib/gcc/avr/7.3.0/avr6\libgcc.a(_exit.o)
 .text.libgcc.mul
                0x0000000000000c9e        0x0 f:/download/avr-gcc-7.3.0-x64-mingw/bin/../lib/gcc/avr/7.3.0/avr6\libgcc.a(_copy_data.o)
 .text.libgcc.div
                0x0000000000000c9e        0x0 f:/download/avr-gcc-7.3.0-x64-mingw/bin/../lib/gcc/avr/7.3.0/avr6\libgcc.a(_copy_data.o)
 .text.libgcc   0x0000000000000c9e        0x0 f:/download/avr-gcc-7.3.0-x64-mingw/bin/../lib/gcc/avr/7.3.0/avr6\libgcc.a(_copy_data.o)
 .text.libgcc.prologue
                0x0000000000000c9e        0x0 f:/download/avr-gcc-7.3.0-x64-mingw/bin/../lib/gcc/avr/7.3.0/avr6\libgcc.a(_copy_data.o)
 .text.libgcc.builtins
                0x0000000000000c9e        0x0 f:/download/avr-gcc-7.3.0-x64-mingw/bin/../lib/gcc/avr/7.3.0/avr6\libgcc.a(_copy_data.o)
 .text.libgcc.fmul
                0x0000000000000c9e        0x0 f:/download/avr-gcc-7.3.0-x64-mingw/bin/../lib/gcc/avr/7.3.0/avr6\libgcc.a(_copy_data.o)
 .text.libgcc.fixed
                0x0000000000000c9e        0x0 f:/download/avr-gcc-7.3.0-x64-mingw/bin/../lib/gcc/avr/7.3.0/avr6\libgcc.a(_copy_data.o)
 .text.libgcc.mul
                0x0000000000000c9e        0x0 f:/download/avr-gcc-7.3.0-x64-mingw/bin/../lib/gcc/avr/7.3.0/avr6\libgcc.a(_clear_bss.o)
 .text.libgcc.div
                0x0000000000000c9e        0x0 f:/download/avr-gcc-7.3.0-x64-mingw/bin/../lib/gcc/avr/7.3.0/avr6\libgcc.a(_clear_bss.o)
 .text.libgcc   0x0000000000000c9e        0x0 f:/download/avr-gcc-7.3.0-x64-mingw/bin/../lib/gcc/avr/7.3.0/avr6\libgcc.a(_clear_bss.o)
 .text.libgcc.prologue
                0x0000000000000c9e        0x0 f:/download/avr-gcc-7.3.0-x64-mingw/bin/../lib/gcc/avr/7.3.0/avr6\libgcc.a(_clear_bss.o)
 .text.libgcc.builtins
                0x0000000000000c9e        0x0 f:/download/avr-gcc-7.3.0-x64-mingw/bin/../lib/gcc/avr/7.3.0/avr6\libgcc.a(_clear_bss.o)
 .text.libgcc.fmul
                0x0000000000000c9e        0x0 f:/download/avr-gcc-7.3.0-x64-mingw/bin/../lib/gcc/avr/7.3.0/avr6\libgcc.a(_clear_bss.o)
 .text.libgcc.fixed
                0x0000000000000c9e        0x0 f:/download/avr-gcc-7.3.0-x64-mingw/bin/../lib/gcc/avr/7.3.0/avr6\libgcc.a(_clear_bss.o)
                0x0000000000000c9e                . = ALIGN (0x2)
 *(.fini9)
 .fini9         0x0000000000000c9e        0x0 f:/download/avr-gcc-7.3.0-x64-mingw/bin/../lib/gcc/avr/7.3.0/avr6\libgcc.a(_exit.o)
                0x0000000000000c9e                _exit
                0x0000000000000c9e                exit
 *(.fini9)
 *(.fini8)
 *(.fini8)
 *(.fini7)
 *(.fini7)
 *(.fini6)
 *(.fini6)
 *(.fini5)
 *(.fini5)
 *(.fini4)
 *(.fini4)
 *(.fini3)
 *(.fini3)
 *(.fini2)
 *(.fini2)
 *(.fini1)
 *(.fini1)
 *(.fini0)
 .fini0         0x0000000000000c9e        0x4 f:/download/avr-gcc-7.3.0-x64-mingw/bin/../lib/gcc/avr/7.3.0/avr6\libgcc.a(_exit.o)
 *(.fini0)
 *(.hightext)
 *(.hightext*)
 *(.progmemx.*)
                0x0000000000000ca2                . = ALIGN (0x2)
 *(.jumptables)
 *(.jumptables*)
                0x0000000000000ca2                _etext = .

.data           0x0000000000800200        0xa load address 0x0000000000000ca2
                0x0000000000800200                PROVIDE (__data_start = .)
 *(.data)
 .data          0x0000000000800200        0x0 f:/download/avr-gcc-7.3.0-x64-mingw/bin/../lib/gcc/avr/7.3.0/../../../../avr/lib/avr6/crtatmega2560.o
 .data          0x0000000000800200        0xa 4.o
                0x0000000000800200                number
 .data          0x000000000080020a        0x0 f:/download/avr-gcc-7.3.0-x64-mingw/bin/../lib/gcc/avr/7.3.0/avr6\libgcc.a(_exit.o)
 .data          0x000000000080020a        0x0 f:/download/avr-gcc-7.3.0-x64-mingw/bin/../lib/gcc/avr/7.3.0/avr6\libgcc.a(_copy_data.o)
 .data          0x000000000080020a        0x0 f:/download/avr-gcc-7.3.0-x64-mingw/bin/../lib/gcc/avr/7.3.0/avr6\libgcc.a(_clear_bss.o)
 *(.data*)
 *(.gnu.linkonce.d*)
 *(.rodata)
 *(.rodata*)
 *(.gnu.linkonce.r*)
                0x000000000080020a                . = ALIGN (0x2)
                0x000000000080020a                _edata = .
                0x000000000080020a                PROVIDE (__data_end = .)

.bss            0x000000000080020a      0x405
                0x000000000080020a                PROVIDE (__bss_start = .)
 *(.bss)
 .bss           0x000000000080020a        0x0 f:/download/avr-gcc-7.3.0-x64-mingw/bin/../lib/gcc/avr/7.3.0/../../../../avr/lib/avr6/crtatmega2560.o
 .bss           0x000000000080020a      0x404 4.o
                0x000000000080020a                counterA
                0x000000000080020c                used
                0x000000000080020e                counterSearch
                0x0000000000800210                pause
                0x0000000000800212                clock
                0x0000000000800214                alarm_status
                0x0000000000800216                alarm
                0x0000000000800218                search2
                0x000000000080021a                search
                0x000000000080021c                counter_memory1
                0x000000000080021e                counter_memory
                0x0000000000800220                counterC
                0x0000000000800222                counterB
                0x0000000000800224                counterE
                0x0000000000800226                counterD
                0x0000000000800228                counter
                0x000000000080022a                mem_alarm_hour2
                0x000000000080022c                mem_alarm_hour
                0x000000000080022e                mem_alarm_minute2
                0x0000000000800230                mem_alarm_minute
                0x0000000000800232                mem_alarm_second2
                0x0000000000800234                mem_alarm_second
                0x0000000000800236                alarm_hour2
                0x0000000000800238                alarm_hour
                0x000000000080023a                alarm_minute2
                0x000000000080023c                alarm_minute
                0x000000000080023e                alarm_second2
                0x0000000000800240                alarm_second
                0x0000000000800242                hour2
                0x0000000000800244                hour
                0x0000000000800246                minute2
                0x0000000000800248                minute
                0x000000000080024a                second2
                0x000000000080024c                second
                0x000000000080024e                memory
 .bss           0x000000000080060e        0x0 f:/download/avr-gcc-7.3.0-x64-mingw/bin/../lib/gcc/avr/7.3.0/avr6\libgcc.a(_exit.o)
 .bss           0x000000000080060e        0x0 f:/download/avr-gcc-7.3.0-x64-mingw/bin/../lib/gcc/avr/7.3.0/avr6\libgcc.a(_copy_data.o)
 .bss           0x000000000080060e        0x0 f:/download/avr-gcc-7.3.0-x64-mingw/bin/../lib/gcc/avr/7.3.0/avr6\libgcc.a(_clear_bss.o)
 *(.bss*)
 *(COMMON)
 COMMON         0x000000000080060e        0x1 4.o
                0x000000000080060e                tot_overflow
                0x000000000080060f                PROVIDE (__bss_end = .)
                0x0000000000000ca2                __data_load_start = LOADADDR (.data)
                0x0000000000000cac                __data_load_end = (__data_load_start + SIZEOF (.data))

.noinit         0x000000000080060f        0x0
                [!provide]                        PROVIDE (__noinit_start = .)
 *(.noinit*)
                [!provide]                        PROVIDE (__noinit_end = .)
                0x000000000080060f                _end = .
                [!provide]                        PROVIDE (__heap_start = .)

.eeprom         0x0000000000810000        0x0
 *(.eeprom*)
                0x0000000000810000                __eeprom_end = .

.fuse
 *(.fuse)
 *(.lfuse)
 *(.hfuse)
 *(.efuse)

.lock
 *(.lock*)

.signature
 *(.signature*)

.stab
 *(.stab)

.stabstr
 *(.stabstr)

.stab.excl
 *(.stab.excl)

.stab.exclstr
 *(.stab.exclstr)

.stab.index
 *(.stab.index)

.stab.indexstr
 *(.stab.indexstr)

.comment        0x0000000000000000       0x11
 *(.comment)
 .comment       0x0000000000000000       0x11 4.o
                                         0x12 (size before relaxing)

.note.gnu.avr.deviceinfo
                0x0000000000000000       0x40
 .note.gnu.avr.deviceinfo
                0x0000000000000000       0x40 f:/download/avr-gcc-7.3.0-x64-mingw/bin/../lib/gcc/avr/7.3.0/../../../../avr/lib/avr6/crtatmega2560.o

.note.gnu.build-id
 *(.note.gnu.build-id)

.debug
 *(.debug)

.line
 *(.line)

.debug_srcinfo
 *(.debug_srcinfo)

.debug_sfnames
 *(.debug_sfnames)

.debug_aranges  0x0000000000000000       0x88
 *(.debug_aranges)
 .debug_aranges
                0x0000000000000000       0x28 4.o
 .debug_aranges
                0x0000000000000028       0x20 f:/download/avr-gcc-7.3.0-x64-mingw/bin/../lib/gcc/avr/7.3.0/avr6\libgcc.a(_exit.o)
 .debug_aranges
                0x0000000000000048       0x20 f:/download/avr-gcc-7.3.0-x64-mingw/bin/../lib/gcc/avr/7.3.0/avr6\libgcc.a(_copy_data.o)
 .debug_aranges
                0x0000000000000068       0x20 f:/download/avr-gcc-7.3.0-x64-mingw/bin/../lib/gcc/avr/7.3.0/avr6\libgcc.a(_clear_bss.o)

.debug_pubnames
 *(.debug_pubnames)

.debug_info     0x0000000000000000     0x2b40
 *(.debug_info .gnu.linkonce.wi.*)
 .debug_info    0x0000000000000000      0xbbc f:/download/avr-gcc-7.3.0-x64-mingw/bin/../lib/gcc/avr/7.3.0/../../../../avr/lib/avr6/crtatmega2560.o
 .debug_info    0x0000000000000bbc     0x1f12 4.o
 .debug_info    0x0000000000002ace       0x26 f:/download/avr-gcc-7.3.0-x64-mingw/bin/../lib/gcc/avr/7.3.0/avr6\libgcc.a(_exit.o)
 .debug_info    0x0000000000002af4       0x26 f:/download/avr-gcc-7.3.0-x64-mingw/bin/../lib/gcc/avr/7.3.0/avr6\libgcc.a(_copy_data.o)
 .debug_info    0x0000000000002b1a       0x26 f:/download/avr-gcc-7.3.0-x64-mingw/bin/../lib/gcc/avr/7.3.0/avr6\libgcc.a(_clear_bss.o)

.debug_abbrev   0x0000000000000000      0xeab
 *(.debug_abbrev)
 .debug_abbrev  0x0000000000000000      0xb1a f:/download/avr-gcc-7.3.0-x64-mingw/bin/../lib/gcc/avr/7.3.0/../../../../avr/lib/avr6/crtatmega2560.o
 .debug_abbrev  0x0000000000000b1a      0x355 4.o
 .debug_abbrev  0x0000000000000e6f       0x14 f:/download/avr-gcc-7.3.0-x64-mingw/bin/../lib/gcc/avr/7.3.0/avr6\libgcc.a(_exit.o)
 .debug_abbrev  0x0000000000000e83       0x14 f:/download/avr-gcc-7.3.0-x64-mingw/bin/../lib/gcc/avr/7.3.0/avr6\libgcc.a(_copy_data.o)
 .debug_abbrev  0x0000000000000e97       0x14 f:/download/avr-gcc-7.3.0-x64-mingw/bin/../lib/gcc/avr/7.3.0/avr6\libgcc.a(_clear_bss.o)

.debug_line     0x0000000000000000      0xd9a
 *(.debug_line .debug_line.* .debug_line_end)
 .debug_line    0x0000000000000000       0x1d f:/download/avr-gcc-7.3.0-x64-mingw/bin/../lib/gcc/avr/7.3.0/../../../../avr/lib/avr6/crtatmega2560.o
 .debug_line    0x000000000000001d      0xbf4 4.o
 .debug_line    0x0000000000000c11       0x61 f:/download/avr-gcc-7.3.0-x64-mingw/bin/../lib/gcc/avr/7.3.0/avr6\libgcc.a(_exit.o)
 .debug_line    0x0000000000000c72       0xa3 f:/download/avr-gcc-7.3.0-x64-mingw/bin/../lib/gcc/avr/7.3.0/avr6\libgcc.a(_copy_data.o)
 .debug_line    0x0000000000000d15       0x85 f:/download/avr-gcc-7.3.0-x64-mingw/bin/../lib/gcc/avr/7.3.0/avr6\libgcc.a(_clear_bss.o)

.debug_frame    0x0000000000000000      0x29c
 *(.debug_frame)
 .debug_frame   0x0000000000000000      0x29c 4.o

.debug_str      0x0000000000000000      0x88a
 *(.debug_str)
 .debug_str     0x0000000000000000      0x3e6 f:/download/avr-gcc-7.3.0-x64-mingw/bin/../lib/gcc/avr/7.3.0/../../../../avr/lib/avr6/crtatmega2560.o
 .debug_str     0x00000000000003e6      0x446 4.o
                                        0x509 (size before relaxing)
 .debug_str     0x000000000000082c       0x5e f:/download/avr-gcc-7.3.0-x64-mingw/bin/../lib/gcc/avr/7.3.0/avr6\libgcc.a(_exit.o)
 .debug_str     0x000000000000088a       0x5e f:/download/avr-gcc-7.3.0-x64-mingw/bin/../lib/gcc/avr/7.3.0/avr6\libgcc.a(_copy_data.o)
 .debug_str     0x000000000000088a       0x5e f:/download/avr-gcc-7.3.0-x64-mingw/bin/../lib/gcc/avr/7.3.0/avr6\libgcc.a(_clear_bss.o)

.debug_loc      0x0000000000000000     0x110b
 *(.debug_loc)
 .debug_loc     0x0000000000000000     0x110b 4.o

.debug_macinfo
 *(.debug_macinfo)

.debug_weaknames
 *(.debug_weaknames)

.debug_funcnames
 *(.debug_funcnames)

.debug_typenames
 *(.debug_typenames)

.debug_varnames
 *(.debug_varnames)

.debug_pubtypes
 *(.debug_pubtypes)

.debug_ranges   0x0000000000000000       0x30
 *(.debug_ranges)
 .debug_ranges  0x0000000000000000       0x30 4.o

.debug_macro
 *(.debug_macro)

.debug_addr
 *(.debug_addr)
OUTPUT(4.elf elf32-avr)
LOAD linker stubs
