Archive member included to satisfy reference by file (symbol)

f:/download/avr-gcc-7.3.0-x64-mingw/bin/../lib/gcc/avr/7.3.0/avr5\libgcc.a(_exit.o)
                              f:/download/avr-gcc-7.3.0-x64-mingw/bin/../lib/gcc/avr/7.3.0/../../../../avr/lib/avr5/crtatmega324p.o (exit)
f:/download/avr-gcc-7.3.0-x64-mingw/bin/../lib/gcc/avr/7.3.0/avr5\libgcc.a(_clear_bss.o)
                              master324P.o (__do_clear_bss)

Allocating common symbols
Common symbol       size              file

BufOut              0x10              master324P.o
Buf1Out             0x10              master324P.o

Memory Configuration

Name             Origin             Length             Attributes
text             0x0000000000000000 0x0000000000020000 xr
data             0x0000000000800060 0x000000000000ffa0 rw !x
eeprom           0x0000000000810000 0x0000000000010000 rw !x
fuse             0x0000000000820000 0x0000000000000400 rw !x
lock             0x0000000000830000 0x0000000000000400 rw !x
signature        0x0000000000840000 0x0000000000000400 rw !x
user_signatures  0x0000000000850000 0x0000000000000400 rw !x
*default*        0x0000000000000000 0xffffffffffffffff

Linker script and memory map

Address of section .data set to 0x800100
LOAD f:/download/avr-gcc-7.3.0-x64-mingw/bin/../lib/gcc/avr/7.3.0/../../../../avr/lib/avr5/crtatmega324p.o
LOAD master324P.o
START GROUP
LOAD f:/download/avr-gcc-7.3.0-x64-mingw/bin/../lib/gcc/avr/7.3.0/avr5\libgcc.a
LOAD f:/download/avr-gcc-7.3.0-x64-mingw/bin/../lib/gcc/avr/7.3.0/../../../../avr/lib/avr5\libm.a
LOAD f:/download/avr-gcc-7.3.0-x64-mingw/bin/../lib/gcc/avr/7.3.0/../../../../avr/lib/avr5\libc.a
LOAD f:/download/avr-gcc-7.3.0-x64-mingw/bin/../lib/gcc/avr/7.3.0/../../../../avr/lib/avr5\libatmega324p.a
END GROUP
                0x0000000000020000                __TEXT_REGION_LENGTH__ = DEFINED (__TEXT_REGION_LENGTH__)?__TEXT_REGION_LENGTH__:0x20000
                0x000000000000ffa0                __DATA_REGION_LENGTH__ = DEFINED (__DATA_REGION_LENGTH__)?__DATA_REGION_LENGTH__:0xffa0
                0x0000000000010000                __EEPROM_REGION_LENGTH__ = DEFINED (__EEPROM_REGION_LENGTH__)?__EEPROM_REGION_LENGTH__:0x10000
                0x0000000000000400                __FUSE_REGION_LENGTH__ = DEFINED (__FUSE_REGION_LENGTH__)?__FUSE_REGION_LENGTH__:0x400
                0x0000000000000400                __LOCK_REGION_LENGTH__ = DEFINED (__LOCK_REGION_LENGTH__)?__LOCK_REGION_LENGTH__:0x400
                0x0000000000000400                __SIGNATURE_REGION_LENGTH__ = DEFINED (__SIGNATURE_REGION_LENGTH__)?__SIGNATURE_REGION_LENGTH__:0x400
                0x0000000000000400                __USER_SIGNATURE_REGION_LENGTH__ = DEFINED (__USER_SIGNATURE_REGION_LENGTH__)?__USER_SIGNATURE_REGION_LENGTH__:0x400

.hash
 *(.hash)

.dynsym
 *(.dynsym)

.dynstr
 *(.dynstr)

.gnu.version
 *(.gnu.version)

.gnu.version_d
 *(.gnu.version_d)

.gnu.version_r
 *(.gnu.version_r)

.rel.init
 *(.rel.init)

.rela.init
 *(.rela.init)

.rel.text
 *(.rel.text)
 *(.rel.text.*)
 *(.rel.gnu.linkonce.t*)

.rela.text
 *(.rela.text)
 *(.rela.text.*)
 *(.rela.gnu.linkonce.t*)

.rel.fini
 *(.rel.fini)

.rela.fini
 *(.rela.fini)

.rel.rodata
 *(.rel.rodata)
 *(.rel.rodata.*)
 *(.rel.gnu.linkonce.r*)

.rela.rodata
 *(.rela.rodata)
 *(.rela.rodata.*)
 *(.rela.gnu.linkonce.r*)

.rel.data
 *(.rel.data)
 *(.rel.data.*)
 *(.rel.gnu.linkonce.d*)

.rela.data
 *(.rela.data)
 *(.rela.data.*)
 *(.rela.gnu.linkonce.d*)

.rel.ctors
 *(.rel.ctors)

.rela.ctors
 *(.rela.ctors)

.rel.dtors
 *(.rel.dtors)

.rela.dtors
 *(.rela.dtors)

.rel.got
 *(.rel.got)

.rela.got
 *(.rela.got)

.rel.bss
 *(.rel.bss)

.rela.bss
 *(.rela.bss)

.rel.plt
 *(.rel.plt)

.rela.plt
 *(.rela.plt)

.text           0x0000000000000000      0x336
 *(.vectors)
 .vectors       0x0000000000000000       0x7c f:/download/avr-gcc-7.3.0-x64-mingw/bin/../lib/gcc/avr/7.3.0/../../../../avr/lib/avr5/crtatmega324p.o
                0x0000000000000000                __vector_default
                0x0000000000000000                __vectors
 *(.vectors)
 *(.progmem.gcc*)
                0x000000000000007c                . = ALIGN (0x2)
                0x000000000000007c                __trampolines_start = .
 *(.trampolines)
 .trampolines   0x000000000000007c        0x0 linker stubs
 *(.trampolines*)
                0x000000000000007c                __trampolines_end = .
 *libprintf_flt.a:*(.progmem.data)
 *libc.a:*(.progmem.data)
 *(.progmem.*)
                0x000000000000007c                . = ALIGN (0x2)
 *(.lowtext)
 *(.lowtext*)
                0x000000000000007c                __ctors_start = .
 *(.ctors)
                0x000000000000007c                __ctors_end = .
                0x000000000000007c                __dtors_start = .
 *(.dtors)
                0x000000000000007c                __dtors_end = .
 SORT_BY_NAME(*)(.ctors)
 SORT_BY_NAME(*)(.dtors)
 *(.init0)
 .init0         0x000000000000007c        0x0 f:/download/avr-gcc-7.3.0-x64-mingw/bin/../lib/gcc/avr/7.3.0/../../../../avr/lib/avr5/crtatmega324p.o
                0x000000000000007c                __init
 *(.init0)
 *(.init1)
 *(.init1)
 *(.init2)
 .init2         0x000000000000007c        0xc f:/download/avr-gcc-7.3.0-x64-mingw/bin/../lib/gcc/avr/7.3.0/../../../../avr/lib/avr5/crtatmega324p.o
 *(.init2)
 *(.init3)
 *(.init3)
 *(.init4)
 .init4         0x0000000000000088       0x10 f:/download/avr-gcc-7.3.0-x64-mingw/bin/../lib/gcc/avr/7.3.0/avr5\libgcc.a(_clear_bss.o)
                0x0000000000000088                __do_clear_bss
 *(.init4)
 *(.init5)
 *(.init5)
 *(.init6)
 *(.init6)
 *(.init7)
 *(.init7)
 *(.init8)
 *(.init8)
 *(.init9)
 .init9         0x0000000000000098        0x8 f:/download/avr-gcc-7.3.0-x64-mingw/bin/../lib/gcc/avr/7.3.0/../../../../avr/lib/avr5/crtatmega324p.o
 *(.init9)
 *(.text)
 .text          0x00000000000000a0        0x4 f:/download/avr-gcc-7.3.0-x64-mingw/bin/../lib/gcc/avr/7.3.0/../../../../avr/lib/avr5/crtatmega324p.o
                0x00000000000000a0                __vector_1
                0x00000000000000a0                __vector_24
                0x00000000000000a0                __vector_12
                0x00000000000000a0                __bad_interrupt
                0x00000000000000a0                __vector_6
                0x00000000000000a0                __vector_3
                0x00000000000000a0                __vector_23
                0x00000000000000a0                __vector_25
                0x00000000000000a0                __vector_11
                0x00000000000000a0                __vector_13
                0x00000000000000a0                __vector_17
                0x00000000000000a0                __vector_19
                0x00000000000000a0                __vector_7
                0x00000000000000a0                __vector_27
                0x00000000000000a0                __vector_5
                0x00000000000000a0                __vector_4
                0x00000000000000a0                __vector_9
                0x00000000000000a0                __vector_2
                0x00000000000000a0                __vector_15
                0x00000000000000a0                __vector_8
                0x00000000000000a0                __vector_26
                0x00000000000000a0                __vector_14
                0x00000000000000a0                __vector_10
                0x00000000000000a0                __vector_16
                0x00000000000000a0                __vector_18
 .text          0x00000000000000a4      0x272 master324P.o
                0x00000000000000a4                WriteBufOut
                0x00000000000000d2                __vector_20
                0x0000000000000120                __vector_29
                0x000000000000018e                __vector_30
                0x00000000000001a4                WriteBuf1Out
                0x00000000000001d2                __vector_28
                0x000000000000024e                __vector_21
                0x00000000000002b4                __vector_22
                0x00000000000002cc                Init
 .text          0x0000000000000316        0x0 f:/download/avr-gcc-7.3.0-x64-mingw/bin/../lib/gcc/avr/7.3.0/avr5\libgcc.a(_exit.o)
 .text          0x0000000000000316        0x0 f:/download/avr-gcc-7.3.0-x64-mingw/bin/../lib/gcc/avr/7.3.0/avr5\libgcc.a(_clear_bss.o)
                0x0000000000000316                . = ALIGN (0x2)
 *(.text.*)
 .text.startup  0x0000000000000316       0x1c master324P.o
                0x0000000000000316                main
 .text.libgcc.mul
                0x0000000000000332        0x0 f:/download/avr-gcc-7.3.0-x64-mingw/bin/../lib/gcc/avr/7.3.0/avr5\libgcc.a(_exit.o)
 .text.libgcc.div
                0x0000000000000332        0x0 f:/download/avr-gcc-7.3.0-x64-mingw/bin/../lib/gcc/avr/7.3.0/avr5\libgcc.a(_exit.o)
 .text.libgcc   0x0000000000000332        0x0 f:/download/avr-gcc-7.3.0-x64-mingw/bin/../lib/gcc/avr/7.3.0/avr5\libgcc.a(_exit.o)
 .text.libgcc.prologue
                0x0000000000000332        0x0 f:/download/avr-gcc-7.3.0-x64-mingw/bin/../lib/gcc/avr/7.3.0/avr5\libgcc.a(_exit.o)
 .text.libgcc.builtins
                0x0000000000000332        0x0 f:/download/avr-gcc-7.3.0-x64-mingw/bin/../lib/gcc/avr/7.3.0/avr5\libgcc.a(_exit.o)
 .text.libgcc.fmul
                0x0000000000000332        0x0 f:/download/avr-gcc-7.3.0-x64-mingw/bin/../lib/gcc/avr/7.3.0/avr5\libgcc.a(_exit.o)
 .text.libgcc.fixed
                0x0000000000000332        0x0 f:/download/avr-gcc-7.3.0-x64-mingw/bin/../lib/gcc/avr/7.3.0/avr5\libgcc.a(_exit.o)
 .text.libgcc.mul
                0x0000000000000332        0x0 f:/download/avr-gcc-7.3.0-x64-mingw/bin/../lib/gcc/avr/7.3.0/avr5\libgcc.a(_clear_bss.o)
 .text.libgcc.div
                0x0000000000000332        0x0 f:/download/avr-gcc-7.3.0-x64-mingw/bin/../lib/gcc/avr/7.3.0/avr5\libgcc.a(_clear_bss.o)
 .text.libgcc   0x0000000000000332        0x0 f:/download/avr-gcc-7.3.0-x64-mingw/bin/../lib/gcc/avr/7.3.0/avr5\libgcc.a(_clear_bss.o)
 .text.libgcc.prologue
                0x0000000000000332        0x0 f:/download/avr-gcc-7.3.0-x64-mingw/bin/../lib/gcc/avr/7.3.0/avr5\libgcc.a(_clear_bss.o)
 .text.libgcc.builtins
                0x0000000000000332        0x0 f:/download/avr-gcc-7.3.0-x64-mingw/bin/../lib/gcc/avr/7.3.0/avr5\libgcc.a(_clear_bss.o)
 .text.libgcc.fmul
                0x0000000000000332        0x0 f:/download/avr-gcc-7.3.0-x64-mingw/bin/../lib/gcc/avr/7.3.0/avr5\libgcc.a(_clear_bss.o)
 .text.libgcc.fixed
                0x0000000000000332        0x0 f:/download/avr-gcc-7.3.0-x64-mingw/bin/../lib/gcc/avr/7.3.0/avr5\libgcc.a(_clear_bss.o)
                0x0000000000000332                . = ALIGN (0x2)
 *(.fini9)
 .fini9         0x0000000000000332        0x0 f:/download/avr-gcc-7.3.0-x64-mingw/bin/../lib/gcc/avr/7.3.0/avr5\libgcc.a(_exit.o)
                0x0000000000000332                _exit
                0x0000000000000332                exit
 *(.fini9)
 *(.fini8)
 *(.fini8)
 *(.fini7)
 *(.fini7)
 *(.fini6)
 *(.fini6)
 *(.fini5)
 *(.fini5)
 *(.fini4)
 *(.fini4)
 *(.fini3)
 *(.fini3)
 *(.fini2)
 *(.fini2)
 *(.fini1)
 *(.fini1)
 *(.fini0)
 .fini0         0x0000000000000332        0x4 f:/download/avr-gcc-7.3.0-x64-mingw/bin/../lib/gcc/avr/7.3.0/avr5\libgcc.a(_exit.o)
 *(.fini0)
 *(.hightext)
 *(.hightext*)
 *(.progmemx.*)
                0x0000000000000336                . = ALIGN (0x2)
 *(.jumptables)
 *(.jumptables*)
                0x0000000000000336                _etext = .

.data           0x0000000000800100        0x0 load address 0x0000000000000336
                [!provide]                        PROVIDE (__data_start = .)
 *(.data)
 .data          0x0000000000800100        0x0 f:/download/avr-gcc-7.3.0-x64-mingw/bin/../lib/gcc/avr/7.3.0/../../../../avr/lib/avr5/crtatmega324p.o
 .data          0x0000000000800100        0x0 master324P.o
 .data          0x0000000000800100        0x0 f:/download/avr-gcc-7.3.0-x64-mingw/bin/../lib/gcc/avr/7.3.0/avr5\libgcc.a(_exit.o)
 .data          0x0000000000800100        0x0 f:/download/avr-gcc-7.3.0-x64-mingw/bin/../lib/gcc/avr/7.3.0/avr5\libgcc.a(_clear_bss.o)
 *(.data*)
 *(.gnu.linkonce.d*)
 *(.rodata)
 *(.rodata*)
 *(.gnu.linkonce.r*)
                0x0000000000800100                . = ALIGN (0x2)
                0x0000000000800100                _edata = .
                [!provide]                        PROVIDE (__data_end = .)

.bss            0x0000000000800100       0x27
                0x0000000000800100                PROVIDE (__bss_start = .)
 *(.bss)
 .bss           0x0000000000800100        0x0 f:/download/avr-gcc-7.3.0-x64-mingw/bin/../lib/gcc/avr/7.3.0/../../../../avr/lib/avr5/crtatmega324p.o
 .bss           0x0000000000800100        0x7 master324P.o
                0x0000000000800100                Number
                0x0000000000800101                WaitWrite
                0x0000000000800102                WaitRead
                0x0000000000800103                EndBuf1Out
                0x0000000000800104                StartBuf1Out
                0x0000000000800105                EndBufOut
                0x0000000000800106                StartBufOut
 .bss           0x0000000000800107        0x0 f:/download/avr-gcc-7.3.0-x64-mingw/bin/../lib/gcc/avr/7.3.0/avr5\libgcc.a(_exit.o)
 .bss           0x0000000000800107        0x0 f:/download/avr-gcc-7.3.0-x64-mingw/bin/../lib/gcc/avr/7.3.0/avr5\libgcc.a(_clear_bss.o)
 *(.bss*)
 *(COMMON)
 COMMON         0x0000000000800107       0x20 master324P.o
                0x0000000000800107                BufOut
                0x0000000000800117                Buf1Out
                0x0000000000800127                PROVIDE (__bss_end = .)
                0x0000000000000336                __data_load_start = LOADADDR (.data)
                0x0000000000000336                __data_load_end = (__data_load_start + SIZEOF (.data))

.noinit         0x0000000000800127        0x0
                [!provide]                        PROVIDE (__noinit_start = .)
 *(.noinit*)
                [!provide]                        PROVIDE (__noinit_end = .)
                0x0000000000800127                _end = .
                [!provide]                        PROVIDE (__heap_start = .)

.eeprom         0x0000000000810000        0x0
 *(.eeprom*)
                0x0000000000810000                __eeprom_end = .

.fuse
 *(.fuse)
 *(.lfuse)
 *(.hfuse)
 *(.efuse)

.lock
 *(.lock*)

.signature
 *(.signature*)

.stab
 *(.stab)

.stabstr
 *(.stabstr)

.stab.excl
 *(.stab.excl)

.stab.exclstr
 *(.stab.exclstr)

.stab.index
 *(.stab.index)

.stab.indexstr
 *(.stab.indexstr)

.comment        0x0000000000000000       0x11
 *(.comment)
 .comment       0x0000000000000000       0x11 master324P.o
                                         0x12 (size before relaxing)

.note.gnu.avr.deviceinfo
                0x0000000000000000       0x40
 .note.gnu.avr.deviceinfo
                0x0000000000000000       0x40 f:/download/avr-gcc-7.3.0-x64-mingw/bin/../lib/gcc/avr/7.3.0/../../../../avr/lib/avr5/crtatmega324p.o

.note.gnu.build-id
 *(.note.gnu.build-id)

.debug
 *(.debug)

.line
 *(.line)

.debug_srcinfo
 *(.debug_srcinfo)

.debug_sfnames
 *(.debug_sfnames)

.debug_aranges  0x0000000000000000       0x68
 *(.debug_aranges)
 .debug_aranges
                0x0000000000000000       0x28 master324P.o
 .debug_aranges
                0x0000000000000028       0x20 f:/download/avr-gcc-7.3.0-x64-mingw/bin/../lib/gcc/avr/7.3.0/avr5\libgcc.a(_exit.o)
 .debug_aranges
                0x0000000000000048       0x20 f:/download/avr-gcc-7.3.0-x64-mingw/bin/../lib/gcc/avr/7.3.0/avr5\libgcc.a(_clear_bss.o)

.debug_pubnames
 *(.debug_pubnames)

.debug_info     0x0000000000000000      0xa8f
 *(.debug_info .gnu.linkonce.wi.*)
 .debug_info    0x0000000000000000      0x6cc f:/download/avr-gcc-7.3.0-x64-mingw/bin/../lib/gcc/avr/7.3.0/../../../../avr/lib/avr5/crtatmega324p.o
 .debug_info    0x00000000000006cc      0x377 master324P.o
 .debug_info    0x0000000000000a43       0x26 f:/download/avr-gcc-7.3.0-x64-mingw/bin/../lib/gcc/avr/7.3.0/avr5\libgcc.a(_exit.o)
 .debug_info    0x0000000000000a69       0x26 f:/download/avr-gcc-7.3.0-x64-mingw/bin/../lib/gcc/avr/7.3.0/avr5\libgcc.a(_clear_bss.o)

.debug_abbrev   0x0000000000000000      0x84e
 *(.debug_abbrev)
 .debug_abbrev  0x0000000000000000      0x66e f:/download/avr-gcc-7.3.0-x64-mingw/bin/../lib/gcc/avr/7.3.0/../../../../avr/lib/avr5/crtatmega324p.o
 .debug_abbrev  0x000000000000066e      0x1b8 master324P.o
 .debug_abbrev  0x0000000000000826       0x14 f:/download/avr-gcc-7.3.0-x64-mingw/bin/../lib/gcc/avr/7.3.0/avr5\libgcc.a(_exit.o)
 .debug_abbrev  0x000000000000083a       0x14 f:/download/avr-gcc-7.3.0-x64-mingw/bin/../lib/gcc/avr/7.3.0/avr5\libgcc.a(_clear_bss.o)

.debug_line     0x0000000000000000      0x42c
 *(.debug_line .debug_line.* .debug_line_end)
 .debug_line    0x0000000000000000       0x1d f:/download/avr-gcc-7.3.0-x64-mingw/bin/../lib/gcc/avr/7.3.0/../../../../avr/lib/avr5/crtatmega324p.o
 .debug_line    0x000000000000001d      0x329 master324P.o
 .debug_line    0x0000000000000346       0x61 f:/download/avr-gcc-7.3.0-x64-mingw/bin/../lib/gcc/avr/7.3.0/avr5\libgcc.a(_exit.o)
 .debug_line    0x00000000000003a7       0x85 f:/download/avr-gcc-7.3.0-x64-mingw/bin/../lib/gcc/avr/7.3.0/avr5\libgcc.a(_clear_bss.o)

.debug_frame    0x0000000000000000      0x19c
 *(.debug_frame)
 .debug_frame   0x0000000000000000      0x19c master324P.o

.debug_str      0x0000000000000000      0x4ff
 *(.debug_str)
 .debug_str     0x0000000000000000      0x255 f:/download/avr-gcc-7.3.0-x64-mingw/bin/../lib/gcc/avr/7.3.0/../../../../avr/lib/avr5/crtatmega324p.o
 .debug_str     0x0000000000000255      0x24c master324P.o
                                        0x294 (size before relaxing)
 .debug_str     0x00000000000004a1       0x5e f:/download/avr-gcc-7.3.0-x64-mingw/bin/../lib/gcc/avr/7.3.0/avr5\libgcc.a(_exit.o)
 .debug_str     0x00000000000004ff       0x5e f:/download/avr-gcc-7.3.0-x64-mingw/bin/../lib/gcc/avr/7.3.0/avr5\libgcc.a(_clear_bss.o)

.debug_loc      0x0000000000000000      0x382
 *(.debug_loc)
 .debug_loc     0x0000000000000000      0x382 master324P.o

.debug_macinfo
 *(.debug_macinfo)

.debug_weaknames
 *(.debug_weaknames)

.debug_funcnames
 *(.debug_funcnames)

.debug_typenames
 *(.debug_typenames)

.debug_varnames
 *(.debug_varnames)

.debug_pubtypes
 *(.debug_pubtypes)

.debug_ranges   0x0000000000000000       0x18
 *(.debug_ranges)
 .debug_ranges  0x0000000000000000       0x18 master324P.o

.debug_macro
 *(.debug_macro)

.debug_addr
 *(.debug_addr)
OUTPUT(master324P.elf elf32-avr)
LOAD linker stubs
